ASxxxx Linker V03.00/V05.40 + sdld,  page 1.
Hexadecimal  [32-Bits]

Area                                    Addr        Size        Decimal Bytes (Attributes)
--------------------------------        ----        ----        ------- ----- ------------
CABS                                00000000    00000000 =           0. bytes (ABS,CON,CODE)

      Value  Global                              Global Defined In Module
      -----  --------------------------------   ------------------------
C:   00000000  l_BSEG                          
C:   00000000  l_BSEG_BYTES                    
C:   00000000  l_CABS                          
C:   00000000  l_CONST                         
C:   00000000  l_GSINIT1                       
C:   00000000  l_GSINIT5                       
C:   00000000  l_IABS                          
C:   00000000  l_ISEG                          
C:   00000000  l_PSEG                          
C:   00000000  l_REG_BANK_1                    
C:   00000000  l_REG_BANK_2                    
C:   00000000  l_REG_BANK_3                    
C:   00000000  l_RSEG                          
C:   00000000  l_RSEG0                         
C:   00000000  l_RSEG1                         
C:   00000000  l_XABS                          
C:   00000000  l_XINIT                         
C:   00000000  l_XISEG                         
C:   00000000  l_XSEG                          
C:   00000000  l__CODE                         
C:   00000000  s_BSEG                          
C:   00000000  s_CABS                          
C:   00000000  s_DSEG                          
C:   00000000  s_HOME                          
C:   00000000  s_IABS                          
C:   00000000  s_ISEG                          
C:   00000000  s_REG_BANK_0                    
C:   00000000  s_RSEG                          
C:   00000000  s_RSEG0                         
C:   00000000  s_RSEG1                         
C:   00000000  s_XABS                          
C:   00000001  l_BIT_BANK                      
C:   00000001  s_PSEG                          
C:   00000001  s_XISEG                         
C:   00000001  s_XSEG                          
C:   00000003  l_GSFINAL                       
C:   00000003  l_GSINIT0                       
C:   00000004  l_OSEG                          
C:   00000008  l_REG_BANK_0                    
C:   00000008  s_OSEG                          
C:   00000008  s_REG_BANK_1                    
C:   0000000A  l_GSINIT2                       
C:   00000010  s_REG_BANK_2                    
C:   00000018  s_REG_BANK_3                    
C:   00000020  s_BIT_BANK                      
C:   00000020  s_BSEG_BYTES                    
C:   00000020  s__CODE                         
C:   00000021  l_HOME                          
C:   00000021  s_GSINIT0                       
C:   00000022  l_GSINIT3                       
ASxxxx Linker V03.00/V05.40 + sdld,  page 2.
Hexadecimal  [32-Bits]

Area                                    Addr        Size        Decimal Bytes (Attributes)
--------------------------------        ----        ----        ------- ----- ------------
CABS                                00000000    00000000 =           0. bytes (ABS,CON,CODE)

      Value  Global                              Global Defined In Module
      -----  --------------------------------   ------------------------
C:   00000024  s_GSINIT1                       
C:   00000024  s_GSINIT2                       
C:   0000002A  l_GSINIT4                       
C:   0000002E  s_GSINIT3                       
C:   0000003E  s_SSEG                          
C:   0000004D  l_GSINIT                        
C:   00000050  s_GSINIT4                       
C:   0000006C  l_DSEG                          
C:   0000007A  s_GSINIT                        
C:   0000007A  s_GSINIT5                       
C:   000000C2  l_SSEG                          
C:   000000C7  s_GSFINAL                       
C:   000000CA  s_CSEG                          
C:   00000100  l_IRAM                          
C:   00000614  l_CSEG                          
C:   000006DE  s_CONST                         
C:   000006DE  s_XINIT                         

ASxxxx Linker V03.00/V05.40 + sdld,  page 3.
Hexadecimal  [32-Bits]

Area                                    Addr        Size        Decimal Bytes (Attributes)
--------------------------------        ----        ----        ------- ----- ------------
.  .ABS.                            00000000    00000000 =           0. bytes (ABS,CON)

      Value  Global                              Global Defined In Module
      -----  --------------------------------   ------------------------
     00000000  .__.ABS.                           _startup
     00000080  _P0                                monostable
     00000080  _P0_0                              monostable
     00000081  _P0_1                              monostable
     00000081  _SP                                monostable
     00000082  _DPL                               monostable
     00000082  _P0_2                              monostable
     00000083  _DPH                               monostable
     00000083  _P0_3                              monostable
     00000084  _P0_4                              monostable
     00000085  _P0_5                              monostable
     00000086  _P0_6                              monostable
     00000087  _P0_7                              monostable
     00000087  _PCON                              monostable
     00000088  _IT0                               monostable
     00000088  _TCON                              monostable
     00000089  _IE0                               monostable
     00000089  _TMOD                              monostable
     0000008A  _IT1                               monostable
     0000008A  _TL0                               monostable
     0000008B  _IE1                               monostable
     0000008B  _TL1                               monostable
     0000008C  _TH0                               monostable
     0000008C  _TR0                               monostable
     0000008D  _TF0                               monostable
     0000008D  _TH1                               monostable
     0000008E  _TR1                               monostable
     0000008F  _TF1                               monostable
     00000090  _P1                                monostable
     00000090  _P1_0                              monostable
     00000091  _P1_1                              monostable
     00000092  _P1_2                              monostable
     00000093  _P1_3                              monostable
     00000094  _P1_4                              monostable
     00000095  _P1_5                              monostable
     00000096  _P1_6                              monostable
     00000097  _P1_7                              monostable
     00000098  _RI                                monostable
     00000098  _SCON                              monostable
     00000099  _SBUF                              monostable
     00000099  _TI                                monostable
     0000009A  _RB8                               monostable
     0000009B  _TB8                               monostable
     0000009C  _REN                               monostable
     0000009D  _SM2                               monostable
     0000009E  _SM1                               monostable
     0000009F  _SM0                               monostable
     000000A0  _P2                                monostable
     000000A0  _P2_0                              monostable
     000000A0  __XPAGE                            
ASxxxx Linker V03.00/V05.40 + sdld,  page 4.
Hexadecimal  [32-Bits]

Area                                    Addr        Size        Decimal Bytes (Attributes)
--------------------------------        ----        ----        ------- ----- ------------
.  .ABS.                            00000000    00000000 =           0. bytes (ABS,CON)

      Value  Global                              Global Defined In Module
      -----  --------------------------------   ------------------------
     000000A1  _P2_1                              monostable
     000000A2  _P2_2                              monostable
     000000A3  _P2_3                              monostable
     000000A4  _P2_4                              monostable
     000000A5  _P2_5                              monostable
     000000A6  _P2_6                              monostable
     000000A7  _P2_7                              monostable
     000000A8  _EX0                               monostable
     000000A8  _IE                                monostable
     000000A9  _ET0                               monostable
     000000AA  _EX1                               monostable
     000000AB  _ET1                               monostable
     000000AC  _ES                                monostable
     000000AD  _ET2                               monostable
     000000AF  _EA                                monostable
     000000B0  _P3                                monostable
     000000B0  _P3_0                              monostable
     000000B0  _RXD                               monostable
     000000B1  _P3_1                              monostable
     000000B1  _TXD                               monostable
     000000B2  _INT0                              monostable
     000000B2  _P3_2                              monostable
     000000B3  _INT1                              monostable
     000000B3  _P3_3                              monostable
     000000B4  _P3_4                              monostable
     000000B4  _T0                                monostable
     000000B5  _P3_5                              monostable
     000000B5  _T1                                monostable
     000000B6  _P3_6                              monostable
     000000B6  _WR                                monostable
     000000B7  _P3_7                              monostable
     000000B7  _RD                                monostable
     000000B8  _IP                                monostable
     000000B8  _PX0                               monostable
     000000B9  _PT0                               monostable
     000000BA  _PX1                               monostable
     000000BB  _PT1                               monostable
     000000BC  _PS                                monostable
     000000BD  _PT2                               monostable
     000000C8  _CP_RL2                            monostable
     000000C8  _T2CON                             monostable
     000000C8  _T2CON_0                           monostable
     000000C9  _C_T2                              monostable
     000000C9  _T2CON_1                           monostable
     000000CA  _RCAP2L                            monostable
     000000CA  _T2CON_2                           monostable
     000000CA  _TR2                               monostable
     000000CB  _EXEN2                             monostable
     000000CB  _RCAP2H                            monostable
     000000CB  _T2CON_3                           monostable
     000000CC  _T2CON_4                           monostable
ASxxxx Linker V03.00/V05.40 + sdld,  page 5.
Hexadecimal  [32-Bits]

Area                                    Addr        Size        Decimal Bytes (Attributes)
--------------------------------        ----        ----        ------- ----- ------------
.  .ABS.                            00000000    00000000 =           0. bytes (ABS,CON)

      Value  Global                              Global Defined In Module
      -----  --------------------------------   ------------------------
     000000CC  _TCLK                              monostable
     000000CC  _TL2                               monostable
     000000CD  _RCLK                              monostable
     000000CD  _T2CON_5                           monostable
     000000CD  _TH2                               monostable
     000000CE  _EXF2                              monostable
     000000CE  _T2CON_6                           monostable
     000000CF  _T2CON_7                           monostable
     000000CF  _TF2                               monostable
     000000D0  _P                                 monostable
     000000D0  _PSW                               monostable
     000000D1  _F1                                monostable
     000000D2  _OV                                monostable
     000000D3  _RS0                               monostable
     000000D4  _RS1                               monostable
     000000D5  _F0                                monostable
     000000D6  _AC                                monostable
     000000D7  _CY                                monostable
     000000E0  _ACC                               monostable
     000000F0  _B                                 monostable

ASxxxx Linker V03.00/V05.40 + sdld,  page 6.
Hexadecimal  [32-Bits]

Area                                    Addr        Size        Decimal Bytes (Attributes)
--------------------------------        ----        ----        ------- ----- ------------
REG_BANK_0                          00000000    00000008 =           8. bytes (REL,OVR)

      Value  Global                              Global Defined In Module
      -----  --------------------------------   ------------------------
ASxxxx Linker V03.00/V05.40 + sdld,  page 7.
Hexadecimal  [32-Bits]

Area                                    Addr        Size        Decimal Bytes (Attributes)
--------------------------------        ----        ----        ------- ----- ------------
BIT_BANK                            00000020    00000001 =           1. bytes (REL,OVR)

      Value  Global                              Global Defined In Module
      -----  --------------------------------   ------------------------
ASxxxx Linker V03.00/V05.40 + sdld,  page 8.
Hexadecimal  [32-Bits]

Area                                    Addr        Size        Decimal Bytes (Attributes)
--------------------------------        ----        ----        ------- ----- ------------
DSEG                                00000000    0000006C =         108. bytes (REL,CON)

      Value  Global                              Global Defined In Module
      -----  --------------------------------   ------------------------
     00000021  _displayData                       monostable
     0000002C  _lastButtonStat                    monostable
     0000002D  _buttonStat                        monostable
     0000002E  _stat                              monostable
     0000002F  _delayTime                         monostable
     00000031  _currentDigit                      monostable
     00000032  _dispalay_data                     monostable
     00000036  _longPressTime                     monostable
     00000038  _acceleration                      monostable
     0000003A  _interrupt_counter                 monostable

ASxxxx Linker V03.00/V05.40 + sdld,  page 9.
Hexadecimal  [32-Bits]

Area                                    Addr        Size        Decimal Bytes (Attributes)
--------------------------------        ----        ----        ------- ----- ------------
OSEG                                00000008    00000004 =           4. bytes (REL,OVR)

      Value  Global                              Global Defined In Module
      -----  --------------------------------   ------------------------
     00000008  __divslong_PARM_2                  _divulong
     00000008  __divulong_PARM_2                  _divulong
     00000008  __modslong_PARM_2                  _modulong
     00000008  __modulong_PARM_2                  _modulong

ASxxxx Linker V03.00/V05.40 + sdld,  page 10.
Hexadecimal  [32-Bits]

Area                                    Addr        Size        Decimal Bytes (Attributes)
--------------------------------        ----        ----        ------- ----- ------------
SSEG                                0000003E    000000C2 =         194. bytes (REL,OVR)

      Value  Global                              Global Defined In Module
      -----  --------------------------------   ------------------------
     0000003E  __start__stack                     monostable

ASxxxx Linker V03.00/V05.40 + sdld,  page 11.
Hexadecimal  [32-Bits]

Area                                    Addr        Size        Decimal Bytes (Attributes)
--------------------------------        ----        ----        ------- ----- ------------
HOME                                00000000    00000021 =          33. bytes (REL,CON,CODE)

      Value  Global                              Global Defined In Module
      -----  --------------------------------   ------------------------
C:   0000001E  __sdcc_program_startup             monostable

ASxxxx Linker V03.00/V05.40 + sdld,  page 12.
Hexadecimal  [32-Bits]

Area                                    Addr        Size        Decimal Bytes (Attributes)
--------------------------------        ----        ----        ------- ----- ------------
GSINIT0                             00000021    00000003 =           3. bytes (REL,CON,CODE)

      Value  Global                              Global Defined In Module
      -----  --------------------------------   ------------------------
C:   00000021  __sdcc_gsinit_startup              

ASxxxx Linker V03.00/V05.40 + sdld,  page 13.
Hexadecimal  [32-Bits]

Area                                    Addr        Size        Decimal Bytes (Attributes)
--------------------------------        ----        ----        ------- ----- ------------
GSINIT2                             00000024    0000000A =          10. bytes (REL,CON,CODE)

      Value  Global                              Global Defined In Module
      -----  --------------------------------   ------------------------
ASxxxx Linker V03.00/V05.40 + sdld,  page 14.
Hexadecimal  [32-Bits]

Area                                    Addr        Size        Decimal Bytes (Attributes)
--------------------------------        ----        ----        ------- ----- ------------
GSINIT3                             0000002E    00000022 =          34. bytes (REL,CON,CODE)

      Value  Global                              Global Defined In Module
      -----  --------------------------------   ------------------------
C:   0000002E  __mcs51_genXINIT                   

ASxxxx Linker V03.00/V05.40 + sdld,  page 15.
Hexadecimal  [32-Bits]

Area                                    Addr        Size        Decimal Bytes (Attributes)
--------------------------------        ----        ----        ------- ----- ------------
GSINIT4                             00000050    0000002A =          42. bytes (REL,CON,CODE)

      Value  Global                              Global Defined In Module
      -----  --------------------------------   ------------------------
C:   00000050  __mcs51_genRAMCLEAR                
C:   00000056  __mcs51_genXRAMCLEAR               

ASxxxx Linker V03.00/V05.40 + sdld,  page 16.
Hexadecimal  [32-Bits]

Area                                    Addr        Size        Decimal Bytes (Attributes)
--------------------------------        ----        ----        ------- ----- ------------
GSINIT                              0000007A    0000004D =          77. bytes (REL,CON,CODE)

      Value  Global                              Global Defined In Module
      -----  --------------------------------   ------------------------
ASxxxx Linker V03.00/V05.40 + sdld,  page 17.
Hexadecimal  [32-Bits]

Area                                    Addr        Size        Decimal Bytes (Attributes)
--------------------------------        ----        ----        ------- ----- ------------
GSFINAL                             000000C7    00000003 =           3. bytes (REL,CON,CODE)

      Value  Global                              Global Defined In Module
      -----  --------------------------------   ------------------------
ASxxxx Linker V03.00/V05.40 + sdld,  page 18.
Hexadecimal  [32-Bits]

Area                                    Addr        Size        Decimal Bytes (Attributes)
--------------------------------        ----        ----        ------- ----- ------------
CSEG                                000000CA    00000614 =        1556. bytes (REL,CON,CODE)

      Value  Global                              Global Defined In Module
      -----  --------------------------------   ------------------------
C:   000000CA  _displayDigit                      monostable
C:   000000D2  _delay                             monostable
C:   000000E4  _I2C_Start                         monostable
C:   000000F0  _I2C_Stop                          monostable
C:   000000FA  _acknowledge                       monostable
C:   00000100  _I2C_DataWrite                     monostable
C:   0000012C  _I2C_DataRead                      monostable
C:   0000014E  _timer0Init                        monostable
C:   0000015C  _timer1Init                        monostable
C:   0000016A  _int0Init                          monostable
C:   00000171  _Timer0_ISR                        monostable
C:   00000304  _delay_ms                          monostable
C:   0000032C  _int_ISR                           monostable
C:   0000036D  _Timer1_ISR                        monostable
C:   000003C5  _main                              monostable
C:   00000586  _saving                            monostable
C:   000005F2  __modulong                         _modulong
C:   00000675  __divulong                         _divulong
C:   000006DA  ___sdcc_external_startup           _startup

ASxxxx Linker V03.00/V05.40 + sdld,  page 19.

Files Linked                              [ module(s) ]

monostable.rel                            [  ]


Libraries Linked                          [ object file ]

C:\Program Files (x86)\SDCC\bin\..\lib\small/liblong.lib
                                          [ _modulong.rel ]
C:\Program Files (x86)\SDCC\bin\..\lib\small/liblong.lib
                                          [ _divulong.rel ]
C:\Program Files (x86)\SDCC\bin\..\lib\small/mcs51.lib
                                          [ crtclear.rel ]
C:\Program Files (x86)\SDCC\bin\..\lib\small/mcs51.lib
                                          [ crtxinit.rel ]
C:\Program Files (x86)\SDCC\bin\..\lib\small/mcs51.lib
                                          [ crtxclear.rel ]
C:\Program Files (x86)\SDCC\bin\..\lib\small/mcs51.lib
                                          [ crtpagesfr.rel ]
C:\Program Files (x86)\SDCC\bin\..\lib\small/mcs51.lib
                                          [ crtstart.rel ]
C:\Program Files (x86)\SDCC\bin\..\lib\small/libsdcc.lib
                                          [ _startup.rel ]

ASxxxx Linker V03.00/V05.40 + sdld,  page 20.

User Base Address Definitions

HOME = 0x0000
XSEG = 0x0001
PSEG = 0x0001
ISEG = 0x0000
BSEG = 0x0000

